// Jest Snapshot v1, https://goo.gl/fbAQLP

exports[`should render expensedahboard page 1`] = `
<Fragment>
  <div
    className="container-fluid d-md-flex"
  >
    <div
      className="row p-4"
    >
      <Connect(Navigation) />
      <Suspense
        fallback={
          <h1>
            Loading Cards 
          </h1>
        }
      >
        <lazy />
      </Suspense>
    </div>
  </div>
</Fragment>
`;
