// Jest Snapshot v1, https://goo.gl/fbAQLP

exports[`should render Footer correctly 1`] = `
<footer
  className="footer"
>
  <div
    className="content-container"
  >
    <div
      className="footer__content"
    >
      <p
        className="footer__title"
      >
        Author: ABHIJIT JOSHI 
        <br />
        <a
          href="mailto:abhijit.joshi66@gmail.com"
        >
          hege@example.com
        </a>
      </p>
    </div>
  </div>
</footer>
`;
